
> frontend@0.0.0 build
> vite build

[36mvite v7.3.1 [32mbuilding client environment for production...[36m[39m
transforming...
[32mΓ£ô[39m 2757 modules transformed.
rendering chunks...
computing gzip size...
[2mdist/[22m[32mindex.html                         [39m[1m[2m  0.46 kB[22m[1m[22m[2m Γöé gzip:   0.29 kB[22m
[2mdist/[22m[35massets/index-B7sdSsM_.css          [39m[1m[2m 52.18 kB[22m[1m[22m[2m Γöé gzip:   9.13 kB[22m
[2mdist/[22m[36massets/OAuthCallback-6wgzUdjG.js   [39m[1m[2m  2.85 kB[22m[1m[22m[2m Γöé gzip:   1.16 kB[22m
[2mdist/[22m[36massets/Register-PCPjX3wG.js        [39m[1m[2m 14.00 kB[22m[1m[22m[2m Γöé gzip:   4.85 kB[22m
[2mdist/[22m[36massets/index-BzHw1WMG.js           [39m[1m[2m 14.09 kB[22m[1m[22m[2m Γöé gzip:   5.55 kB[22m
[2mdist/[22m[36massets/Settings-zxF5DXDa.js        [39m[1m[2m 19.37 kB[22m[1m[22m[2m Γöé gzip:   4.62 kB[22m
[2mdist/[22m[36massets/Profile-w2tntQ_U.js         [39m[1m[2m 33.55 kB[22m[1m[22m[2m Γöé gzip:  10.12 kB[22m
[2mdist/[22m[36massets/Whiteboard-zD5ssG8u.js      [39m[1m[2m 46.58 kB[22m[1m[22m[2m Γöé gzip:  14.98 kB[22m
[2mdist/[22m[36massets/AdminDashboard-C5xnj_z6.js  [39m[1m[2m 60.77 kB[22m[1m[22m[2m Γöé gzip:  19.83 kB[22m
[2mdist/[22m[36massets/index-D_VR5TSm.js           [39m[1m[2m632.38 kB[22m[1m[22m[2m Γöé gzip: 202.92 kB[22m
[32mΓ£ô built in 12.51s[39m
